- .  Seraffyn's European Adventure
. x  read
. x  rip
. o  nab

- .  Seraffyn's Mediterranean Adventure
. x  read
. x  rip
. o  nab

